[33mΓ¥»[39m Building...
[32mΓ£ö[39m Building...
Application bundle generation failed. [3.392 seconds] - 2026-03-16T09:41:22.098Z

node.exe : [1m[31m[31mX [
41;31m[[41;97mERROR[41;31m]
[0m [1mNG2008: Could not 
find stylesheet file 
'./app.component.css'.[0m 
[1m[35m[plugin 
angular-compiler][0m
At line:1 char:1
+ & "C:\Program 
Files\nodejs/node.exe" 
"C:\Program 
Files\nodejs/node_mo ...
+ ~~~~~~~~~~~~~~~~~~~~~~~~~~~
~~~~~~~~~~~~~~~~~~~~~~~~~~~~~
~~~~~~~~~~~~~
    + CategoryInfo           
   : NotSpecified: ([1m[3  
  1m[31mX...r-compiler][   
 0m:String) [], RemoteExc    
eption
    + FullyQualifiedErrorId  
   : NativeCommandError
 

    src/app/app.component.ts:
10:12:
[37m      10 Γöé   
styleUrl: [32m'./app.compone
nt.css'[37m
         Γò╡             [32
m~~~~~~~~~~~~~~~~~~~~~[0m

[39m[22m
